========================================
Starting experiment: QwenToFalcon_HE
Seed: 104
Device: cuda:0
Workers: 8
AMP: true
Output: results/experiments/QwenToFalcon_HE/seed_104
========================================

======================================================================
[1/3] QwenToFalcon_HE  |  layer_type=attn  |  seed=104
======================================================================
  -> Running ridge_regressor ... done (52.2s)
  -> Running procrustes ... done (168.9s)
  -> Running cka ... done (208.3s)
  -> Running cca ... done (2497.4s)
  -> Running hybrid ... FAILED (59.2s)
  -> Running full_nonlinear ... FAILED (0.2s)
  -> Running reduced_nonlinear ... FAILED (0.2s)
  -> Running one_for_all ... FAILED (0.2s)

======================================================================
[2/3] QwenToFalcon_HE  |  layer_type=mlp  |  seed=104
======================================================================
  -> Running ridge_regressor ... done (63.0s)
  -> Running procrustes ... done (195.1s)
  -> Running cka ... done (454.5s)
  -> Running cca ... 