========================================
Starting experiment: QwenToFalcon_HE
Seed: 4
Device: cuda:0
Workers: 8
AMP: true
Output: results/experiments/QwenToFalcon_HE/seed_4
========================================

======================================================================
[1/3] QwenToFalcon_HE  |  layer_type=attn  |  seed=4
======================================================================
  -> Running ridge_regressor ... done (28.8s)
  -> Running procrustes ... done (142.9s)
  -> Running cka ... done (140.7s)
  -> Running cca ... done (1968.5s)
  -> Running hybrid ... FAILED (17.1s)
  -> Running full_nonlinear ... FAILED (0.1s)
  -> Running reduced_nonlinear ... FAILED (0.2s)
  -> Running one_for_all ... FAILED (0.2s)

======================================================================
[2/3] QwenToFalcon_HE  |  layer_type=mlp  |  seed=4
======================================================================
  -> Running ridge_regressor ... done (24.0s)
  -> Running procrustes ... done (142.1s)
  -> Running cka ... done (152.5s)
  -> Running cca ... done (1977.5s)
  -> Running hybrid ... FAILED (24.3s)
  -> Running full_nonlinear ... FAILED (0.1s)
  -> Running reduced_nonlinear ... FAILED (0.2s)
  -> Running one_for_all ... FAILED (0.2s)

======================================================================
[3/3] QwenToFalcon_HE  |  layer_type=hidden  |  seed=4
======================================================================
  -> Running ridge_regressor ... done (38.1s)
  -> Running procrustes ... done (185.0s)
  -> Running cka ... done (187.5s)
  -> Running cca ... 