========================================
Starting experiment: QwenToFalcon_HE
Seed: 511
Device: cuda:0
Workers: 8
AMP: true
Output: results/experiments/QwenToFalcon_HE/seed_511
========================================

======================================================================
[1/3] QwenToFalcon_HE  |  layer_type=attn  |  seed=511
======================================================================
  -> Running ridge_regressor ... done (28.8s)
  -> Running procrustes ... done (152.2s)
  -> Running cka ... done (172.4s)
  -> Running cca ... done (1825.6s)
  -> Running hybrid ... FAILED (24.1s)
  -> Running full_nonlinear ... FAILED (0.2s)
  -> Running reduced_nonlinear ... FAILED (0.3s)
  -> Running one_for_all ... FAILED (0.2s)

======================================================================
[2/3] QwenToFalcon_HE  |  layer_type=mlp  |  seed=511
======================================================================
  -> Running ridge_regressor ... done (24.5s)
  -> Running procrustes ... done (163.9s)
  -> Running cka ... done (164.0s)
  -> Running cca ... 