========================================
Starting experiment: QwenToFalcon_BBF
Seed: 420
Device: cuda:0
Workers: 8
AMP: true
Output: results/experiments/QwenToFalcon_BBF/seed_420
========================================

======================================================================
[1/3] QwenToFalcon_BBF  |  layer_type=attn  |  seed=420
======================================================================
  -> Running ridge_regressor ... done (32.1s)
  -> Running procrustes ... done (144.0s)
  -> Running cka ... done (150.5s)
  -> Running cca ... done (4553.4s)
  -> Running hybrid ... FAILED (17.4s)
  -> Running full_nonlinear ... FAILED (0.3s)
  -> Running reduced_nonlinear ... FAILED (0.3s)
  -> Running one_for_all ... FAILED (0.3s)

======================================================================
[2/3] QwenToFalcon_BBF  |  layer_type=mlp  |  seed=420
======================================================================
  -> Running ridge_regressor ... done (33.2s)
  -> Running procrustes ... done (144.5s)
  -> Running cka ... done (168.3s)
  -> Running cca ... 