========================================
Starting experiment: QwenToFalcon_BBF
Seed: 67
Device: cuda:0
Workers: 8
AMP: true
Output: results/experiments/QwenToFalcon_BBF/seed_67
========================================

======================================================================
[1/3] QwenToFalcon_BBF  |  layer_type=attn  |  seed=67
======================================================================
  -> Running ridge_regressor ... done (28.4s)
  -> Running procrustes ... done (116.9s)
  -> Running cka ... done (118.6s)
  -> Running cca ... done (3083.5s)
  -> Running hybrid ... FAILED (19.1s)
  -> Running full_nonlinear ... FAILED (0.2s)
  -> Running reduced_nonlinear ... FAILED (0.2s)
  -> Running one_for_all ... FAILED (0.2s)

======================================================================
[2/3] QwenToFalcon_BBF  |  layer_type=mlp  |  seed=67
======================================================================
  -> Running ridge_regressor ... done (26.6s)
  -> Running procrustes ... done (110.6s)
  -> Running cka ... done (93.5s)
  -> Running cca ... done (3124.8s)
  -> Running hybrid ... FAILED (16.4s)
  -> Running full_nonlinear ... FAILED (0.1s)
  -> Running reduced_nonlinear ... FAILED (0.2s)
  -> Running one_for_all ... FAILED (0.1s)

======================================================================
[3/3] QwenToFalcon_BBF  |  layer_type=hidden  |  seed=67
======================================================================
  -> Running ridge_regressor ... done (20.7s)
  -> Running procrustes ... done (107.4s)
  -> Running cka ... done (112.6s)
  -> Running cca ... 