========================================
Starting experiment: QwenToFalcon_HE
Seed: 2
Device: cuda:0
Workers: 8
AMP: true
Output: results/experiments/QwenToFalcon_HE/seed_2
========================================

======================================================================
[1/3] QwenToFalcon_HE  |  layer_type=attn  |  seed=2
======================================================================
  -> Running ridge_regressor ... done (54.9s)
  -> Running procrustes ... done (329.6s)
  -> Running cka ... done (326.3s)
  -> Running cca ... done (3509.0s)
  -> Running hybrid ... FAILED (47.5s)
  -> Running full_nonlinear ... FAILED (0.2s)
  -> Running reduced_nonlinear ... FAILED (0.2s)
  -> Running one_for_all ... FAILED (0.2s)

======================================================================
[2/3] QwenToFalcon_HE  |  layer_type=mlp  |  seed=2
======================================================================
  -> Running ridge_regressor ... done (57.9s)
  -> Running procrustes ... done (376.9s)
  -> Running cka ... done (437.7s)
  -> Running cca ... 