========================================
Starting experiment: QwenToFalcon_HE
Seed: 24
Device: cuda:0
Workers: 8
AMP: true
Output: results/experiments/QwenToFalcon_HE/seed_24
========================================

======================================================================
[1/3] QwenToFalcon_HE  |  layer_type=attn  |  seed=24
======================================================================
  -> Running ridge_regressor ... done (39.1s)
  -> Running procrustes ... done (168.9s)
  -> Running cka ... done (179.4s)
  -> Running cca ... done (2139.5s)
  -> Running hybrid ... FAILED (31.0s)
  -> Running full_nonlinear ... FAILED (0.1s)
  -> Running reduced_nonlinear ... FAILED (0.2s)
  -> Running one_for_all ... FAILED (0.1s)

======================================================================
[2/3] QwenToFalcon_HE  |  layer_type=mlp  |  seed=24
======================================================================
  -> Running ridge_regressor ... done (33.9s)
  -> Running procrustes ... done (165.9s)
  -> Running cka ... done (179.2s)
  -> Running cca ... done (1918.0s)
  -> Running hybrid ... FAILED (22.4s)
  -> Running full_nonlinear ... FAILED (0.1s)
  -> Running reduced_nonlinear ... FAILED (0.2s)
  -> Running one_for_all ... FAILED (0.1s)

======================================================================
[3/3] QwenToFalcon_HE  |  layer_type=hidden  |  seed=24
======================================================================
  -> Running ridge_regressor ... done (26.4s)
  -> Running procrustes ... done (152.5s)
  -> Running cka ... done (178.3s)
  -> Running cca ... 