========================================
Starting experiment: QwenToFalcon_BBF
Seed: 4
Device: cuda:0
Workers: 8
AMP: true
Output: results/experiments/QwenToFalcon_BBF/seed_4
========================================

======================================================================
[1/3] QwenToFalcon_BBF  |  layer_type=attn  |  seed=4
======================================================================
  -> Running ridge_regressor ... done (38.9s)
  -> Running procrustes ... done (254.5s)
  -> Running cka ... done (460.4s)
  -> Running cca ... done (4272.4s)
  -> Running hybrid ... FAILED (29.1s)
  -> Running full_nonlinear ... FAILED (0.2s)
  -> Running reduced_nonlinear ... FAILED (0.2s)
  -> Running one_for_all ... FAILED (0.2s)

======================================================================
[2/3] QwenToFalcon_BBF  |  layer_type=mlp  |  seed=4
======================================================================
  -> Running ridge_regressor ... done (53.4s)
  -> Running procrustes ... done (345.7s)
  -> Running cka ... done (196.9s)
  -> Running cca ... 