========================================
Starting experiment: QwenToFalcon_HE
Seed: 42
Device: cuda:0
Workers: 8
AMP: true
Output: results/experiments/QwenToFalcon_HE/seed_42
========================================

======================================================================
[1/3] QwenToFalcon_HE  |  layer_type=attn  |  seed=42
======================================================================
  -> Running ridge_regressor ... done (35.5s)
  -> Running procrustes ... done (230.8s)
  -> Running cka ... done (226.7s)
  -> Running cca ... done (2864.1s)
  -> Running hybrid ... FAILED (21.5s)
  -> Running full_nonlinear ... FAILED (0.2s)
  -> Running reduced_nonlinear ... FAILED (0.2s)
  -> Running one_for_all ... FAILED (0.2s)

======================================================================
[2/3] QwenToFalcon_HE  |  layer_type=mlp  |  seed=42
======================================================================
  -> Running ridge_regressor ... done (27.3s)
  -> Running procrustes ... done (222.6s)
  -> Running cka ... done (230.9s)
  -> Running cca ... 