========================================
Starting experiment: QwenToFalcon_BBF
Seed: 2
Device: cuda:0
Workers: 8
AMP: true
Output: results/experiments/QwenToFalcon_BBF/seed_2
========================================

======================================================================
[1/3] QwenToFalcon_BBF  |  layer_type=attn  |  seed=2
======================================================================
  -> Running ridge_regressor ... done (53.2s)
  -> Running procrustes ... done (201.1s)
  -> Running cka ... done (224.3s)
  -> Running cca ... done (5708.7s)
  -> Running hybrid ... FAILED (27.6s)
  -> Running full_nonlinear ... FAILED (0.2s)
  -> Running reduced_nonlinear ... FAILED (0.2s)
  -> Running one_for_all ... FAILED (0.2s)

======================================================================
[2/3] QwenToFalcon_BBF  |  layer_type=mlp  |  seed=2
======================================================================
  -> Running ridge_regressor ... done (39.8s)
  -> Running procrustes ... done (144.1s)
  -> Running cka ... done (172.5s)
  -> Running cca ... 