========================================
Starting experiment: QwenToFalcon_BBF
Seed: 24
Device: cuda:0
Workers: 8
AMP: true
Output: results/experiments/QwenToFalcon_BBF/seed_24
========================================

======================================================================
[1/3] QwenToFalcon_BBF  |  layer_type=attn  |  seed=24
======================================================================
  -> Running ridge_regressor ... done (36.5s)
  -> Running procrustes ... done (147.1s)
  -> Running cka ... done (152.0s)
  -> Running cca ... done (4252.5s)
  -> Running hybrid ... FAILED (19.6s)
  -> Running full_nonlinear ... FAILED (0.3s)
  -> Running reduced_nonlinear ... FAILED (0.3s)
  -> Running one_for_all ... FAILED (0.4s)

======================================================================
[2/3] QwenToFalcon_BBF  |  layer_type=mlp  |  seed=24
======================================================================
  -> Running ridge_regressor ... done (27.9s)
  -> Running procrustes ... done (155.8s)
  -> Running cka ... done (177.2s)
  -> Running cca ... 