========================================
Starting experiment: QwenToFalcon_BBF
Seed: 64
Device: cuda:0
Workers: 8
AMP: true
Output: results/experiments/QwenToFalcon_BBF/seed_64
========================================

======================================================================
[1/3] QwenToFalcon_BBF  |  layer_type=attn  |  seed=64
======================================================================
  -> Running ridge_regressor ... done (32.5s)
  -> Running procrustes ... done (153.0s)
  -> Running cka ... done (199.2s)
  -> Running cca ... done (6157.1s)
  -> Running hybrid ... FAILED (27.2s)
  -> Running full_nonlinear ... FAILED (0.2s)
  -> Running reduced_nonlinear ... FAILED (0.2s)
  -> Running one_for_all ... FAILED (0.2s)

======================================================================
[2/3] QwenToFalcon_BBF  |  layer_type=mlp  |  seed=64
======================================================================
  -> Running ridge_regressor ... done (46.6s)
  -> Running procrustes ... done (166.6s)
  -> Running cka ... done (180.5s)
  -> Running cca ... 