========================================
Starting experiment: QwenToFalcon_HE
Seed: 64
Device: cuda:0
Workers: 8
AMP: true
Output: results/experiments/QwenToFalcon_HE/seed_64
========================================

======================================================================
[1/3] QwenToFalcon_HE  |  layer_type=attn  |  seed=64
======================================================================
  -> Running ridge_regressor ... done (39.3s)
  -> Running procrustes ... done (168.3s)
  -> Running cka ... done (165.8s)
  -> Running cca ... done (2143.5s)
  -> Running hybrid ... FAILED (46.1s)
  -> Running full_nonlinear ... FAILED (0.2s)
  -> Running reduced_nonlinear ... FAILED (0.2s)
  -> Running one_for_all ... FAILED (0.1s)

======================================================================
[2/3] QwenToFalcon_HE  |  layer_type=mlp  |  seed=64
======================================================================
  -> Running ridge_regressor ... done (53.6s)
  -> Running procrustes ... done (195.6s)
  -> Running cka ... done (180.3s)
  -> Running cca ... done (2141.1s)
  -> Running hybrid ... FAILED (26.9s)
  -> Running full_nonlinear ... FAILED (0.1s)
  -> Running reduced_nonlinear ... FAILED (0.2s)
  -> Running one_for_all ... FAILED (0.2s)

======================================================================
[3/3] QwenToFalcon_HE  |  layer_type=hidden  |  seed=64
======================================================================
  -> Running ridge_regressor ... done (32.7s)
  -> Running procrustes ... done (166.3s)
  -> Running cka ... done (195.2s)
  -> Running cca ... 